=== ROAD-A CEILING sweep Sat Jul 11 22:12:34 CEST 2026 — lazy with NO time box: how good can image-driven get? ===
pool=300 N=6760 RC3 V=6760 S2n=0.797438 S2d=0.985130 S2=0.891284 t=11.2
pool=300 N=6700 RC3 V=6700 S2n=0.796787 S2d=0.985125 S2=0.890956 t=12.2
pool=300 N=6600 RC3 V=6600 S2n=0.795262 S2d=0.985114 S2=0.890188 t=13.9
pool=300 N=6500 RC3 V=6500 S2n=0.793682 S2d=0.985146 S2=0.889414 t=15.6
pool=600 N=6700 RC3 V=6700 S2n=0.797167 S2d=0.984963 S2=0.891065 t=16.9
pool=600 N=6600 RC3 V=6600 S2n=0.796036 S2d=0.984940 S2=0.890488 t=20.3
pool=600 N=6500 RC3 V=6500 S2n=0.794613 S2d=0.984988 S2=0.889801 t=23.6
pool=600 N=6400 RC3 V=6400 S2n=0.793010 S2d=0.984932 S2=0.888971 t=27.7
pool=1200 N=6500 RC3 V=6500 S2n=0.795809 S2d=0.984890 S2=0.890349 t=39.2
pool=1200 N=6300 RC3 V=6300 S2n=0.793015 S2d=0.984741 S2=0.888878 t=54.0
pool=1200 N=6100 RC3 V=6100 S2n=0.789770 S2d=0.984428 S2=0.887099 t=67.3
pool=1200 N=6000 RC3 V=6000 S2n=0.787936 S2d=0.984342 S2=0.886139 t=73.8
--- c5 ---
c5 lazyT150 N=4165 RL S2n=0.726997 S2d=0.975078 S2=0.851037 t=9.1
c5 lazyT150 N=4120 RL S2n=0.726080 S2d=0.975071 S2=0.850575 t=9.7
c5 lazyT150 N=4080 RL S2n=0.724728 S2d=0.975059 S2=0.849893 t=9.9
c5 lazyT150 N=4040 RL S2n=0.723729 S2d=0.974941 S2=0.849335 t=9.9
c5 lazyT150 N=4000 RL S2n=0.721963 S2d=0.974830 S2=0.848396 t=10.0
=== end Sat Jul 11 22:19:42 CEST 2026 ===
=== CEILING-2: multi-placement lazy (SSIM-driven position) Sat Jul 11 22:20:50 CEST 2026 ===
MP pool=300 N=6760 RC3 V=6760 S2n=0.797792 S2d=0.985196 S2=0.891494 t=21.7
MP pool=300 N=6700 RC3 V=6700 S2n=0.797232 S2d=0.985162 S2=0.891197 t=24.9
MP pool=600 N=6700 RC3 V=6700 S2n=0.797582 S2d=0.985013 S2=0.891298 t=42.1
MP pool=600 N=6600 RC3 V=6600 S2n=0.796689 S2d=0.984853 S2=0.890771 t=55.0
MP pool=600 N=6500 RC3 V=6500 S2n=0.795525 S2d=0.984368 S2=0.889946 t=67.6
=== end ceiling-2 Sat Jul 11 22:24:22 CEST 2026 ===
