{"ev": "f2_6700", "cases": "..xx...", "fails": {"3": "Wrong Answer", "4": "Wrong Answer"}, "newbank": false, "utc": "2026-07-12T23:22:36.956097+00:00"}
{"ev": "f2_6700", "cases": "..xx...", "fails": {"3": "Wrong Answer", "4": "Wrong Answer"}, "newbank": false, "utc": "2026-07-12T23:26:00.425549+00:00"}
{"ev": "f2_6700", "cases": "..xx...", "fails": {"3": "Wrong Answer", "4": "Wrong Answer"}, "newbank": false, "utc": "2026-07-12T23:33:16.640938+00:00"}
{"ev": "f2_read_6700", "cases": "..xx...", "fails": {"3": "Wrong Answer", "4": "Wrong Answer"}, "newbank": false, "utc": "2026-07-12T23:40:33.761604+00:00"}
{"ev": "f2_fallback_6720", "utc": "2026-07-12T23:45:46.945737+00:00"}
{"ev": "f2_c2probe", "cases": ".x.x...", "fails": {"2": "Wrong Answer", "4": "Wrong Answer"}, "newbank": false, "utc": "2026-07-12T23:48:12.433662+00:00"}
{"ev": "f2_dual", "c3": 6710, "c4": 4910, "cases": "...x...", "fails": {"4": "Wrong Answer"}, "newbank": false, "utc": "2026-07-12T23:51:47.890142+00:00"}
{"ev": "f2_dual", "c3": 6710, "c4": 4910, "cases": "...x...", "fails": {"4": "Wrong Answer"}, "newbank": false, "utc": "2026-07-12T23:59:25.384805+00:00"}
{"ev": "f2_dual", "c3": 6710, "c4": 4910, "cases": "..xx...", "fails": {"3": "Wrong Answer", "4": "Wrong Answer"}, "newbank": false, "utc": "2026-07-13T00:07:06.800894+00:00"}
{"ev": "f2_dual", "c3": 6710, "c4": 4910, "cases": "...x...", "fails": {"4": "Wrong Answer"}, "newbank": false, "utc": "2026-07-13T00:14:45.416712+00:00"}
{"ev": "f2_c4_retreat", "utc": "2026-07-13T00:14:45.417004+00:00"}
{"ev": "f2_dual", "c3": 6710, "c4": 4920, "cases": "...x...", "fails": {"4": "Wrong Answer"}, "newbank": false, "utc": "2026-07-13T00:22:23.348796+00:00"}
{"ev": "f2_dual", "c3": 6710, "c4": 4920, "cases": "...x...", "fails": {"4": "Wrong Answer"}, "newbank": false, "utc": "2026-07-13T00:30:01.277917+00:00"}
{"ev": "f2_dual", "c3": 6710, "c4": 4920, "cases": "...x...", "fails": {"4": "Wrong Answer"}, "newbank": false, "utc": "2026-07-13T00:37:38.775998+00:00"}
{"ev": "f2_dual", "c3": 6710, "c4": 4920, "cases": "...x...", "fails": {"4": "Wrong Answer"}, "newbank": false, "utc": "2026-07-13T00:45:17.138643+00:00"}
{"ev": "f2_dual", "c3": 6710, "c4": 4920, "cases": "...x...", "fails": {"4": "Wrong Answer"}, "newbank": false, "utc": "2026-07-13T00:52:56.411776+00:00"}
{"ev": "f2_dual", "c3": 6710, "c4": 4920, "cases": "...x...", "fails": {"4": "Wrong Answer"}, "newbank": false, "utc": "2026-07-13T01:00:34.131924+00:00"}
{"ev": "f2_dual", "c3": 6710, "c4": 4920, "cases": "...x...", "fails": {"4": "Wrong Answer"}, "newbank": false, "utc": "2026-07-13T01:08:11.681478+00:00"}
{"ev": "f2_dual", "c3": 6710, "c4": 4920, "cases": "..x....", "fails": {"3": "Wrong Answer"}, "newbank": false, "utc": "2026-07-13T01:15:51.399682+00:00"}
{"ev": "f2_dual", "c3": 6710, "c4": 4920, "cases": "...x...", "fails": {"4": "Wrong Answer"}, "newbank": false, "utc": "2026-07-13T01:23:29.458811+00:00"}
{"ev": "f2_dual", "c3": 6710, "c4": 4920, "cases": "..xx...", "fails": {"3": "Wrong Answer", "4": "Wrong Answer"}, "newbank": false, "utc": "2026-07-13T01:31:07.116239+00:00"}
{"ev": "f2_dual", "c3": 6710, "c4": 4920, "cases": ".......", "fails": {}, "newbank": true, "utc": "2026-07-13T01:38:47.145992+00:00"}
{"ev": "f2_dual", "c3": 6705, "c4": 4910, "cases": "...x...", "fails": {"4": "Wrong Answer"}, "newbank": false, "utc": "2026-07-13T01:42:09.612794+00:00"}
{"ev": "f2_dual", "c3": 6705, "c4": 4910, "cases": "...x...", "fails": {"4": "Wrong Answer"}, "newbank": false, "utc": "2026-07-13T01:49:47.638264+00:00"}
{"ev": "f2_dual", "c3": 6705, "c4": 4910, "cases": "...x...", "fails": {"4": "Wrong Answer"}, "newbank": false, "utc": "2026-07-13T01:57:25.390429+00:00"}
{"ev": "f2_dual", "c3": 6705, "c4": 4910, "cases": "...x...", "fails": {"4": "Wrong Answer"}, "newbank": false, "utc": "2026-07-13T02:05:02.082157+00:00"}
{"ev": "f2_c4_retreat", "utc": "2026-07-13T02:05:02.082420+00:00"}
{"ev": "f2_dual", "c3": 6705, "c4": 4920, "cases": "...x...", "fails": {"4": "Wrong Answer"}, "newbank": false, "utc": "2026-07-13T02:12:41.374511+00:00"}
{"ev": "f2_dual", "c3": 6705, "c4": 4920, "cases": "...x...", "fails": {"4": "Wrong Answer"}, "newbank": false, "utc": "2026-07-13T02:20:18.614522+00:00"}
{"ev": "f2_dual", "c3": 6705, "c4": 4920, "cases": "...x...", "fails": {"4": "Wrong Answer"}, "newbank": false, "utc": "2026-07-13T02:27:56.475550+00:00"}
{"ev": "f2_dual", "c3": 6705, "c4": 4920, "cases": "...x...", "fails": {"4": "Wrong Answer"}, "newbank": false, "utc": "2026-07-13T02:35:34.443535+00:00"}
{"ev": "f2_dual", "c3": 6705, "c4": 4920, "cases": "...x...", "fails": {"4": "Wrong Answer"}, "newbank": false, "utc": "2026-07-13T02:43:11.598223+00:00"}
{"ev": "f2_dual", "c3": 6705, "c4": 4920, "cases": null, "fails": {}, "newbank": false, "utc": "2026-07-13T02:48:36.182910+00:00"}
{"ev": "f2_dual", "c3": 6705, "c4": 4920, "cases": "...x...", "fails": {"4": "Wrong Answer"}, "newbank": false, "utc": "2026-07-13T02:56:14.415824+00:00"}
{"ev": "f2_dual", "c3": 6705, "c4": 4920, "cases": "..xx...", "fails": {"3": "Wrong Answer", "4": "Wrong Answer"}, "newbank": false, "utc": "2026-07-13T03:03:55.716329+00:00"}
{"ev": "f2_dual", "c3": 6705, "c4": 4920, "cases": "..x....", "fails": {"3": "Wrong Answer"}, "newbank": false, "utc": "2026-07-13T03:11:34.561387+00:00"}
{"ev": "f2_dual", "c3": 6705, "c4": 4920, "cases": "...x...", "fails": {"4": "Wrong Answer"}, "newbank": false, "utc": "2026-07-13T03:19:12.522767+00:00"}
{"ev": "f2_dual", "c3": 6705, "c4": 4920, "cases": "..xx...", "fails": {"3": "Wrong Answer", "4": "Wrong Answer"}, "newbank": false, "utc": "2026-07-13T03:26:50.175237+00:00"}
{"ev": "f2_dual", "c3": 6705, "c4": 4920, "cases": "...x...", "fails": {"4": "Wrong Answer"}, "newbank": false, "utc": "2026-07-13T03:34:28.494332+00:00"}
{"ev": "f2_dual", "c3": 6705, "c4": 4920, "cases": "...x...", "fails": {"4": "Wrong Answer"}, "newbank": false, "utc": "2026-07-13T03:42:05.870335+00:00"}
{"ev": "f2_dual", "c3": 6705, "c4": 4920, "cases": "...x...", "fails": {"4": "Wrong Answer"}, "newbank": false, "utc": "2026-07-13T03:49:42.809101+00:00"}
{"ev": "f2_dual", "c3": 6705, "c4": 4920, "cases": "...x...", "fails": {"4": "Wrong Answer"}, "newbank": false, "utc": "2026-07-13T03:57:20.630524+00:00"}
{"ev": "f2_dual", "c3": 6705, "c4": 4920, "cases": "...x...", "fails": {"4": "Wrong Answer"}, "newbank": false, "utc": "2026-07-13T04:05:02.101757+00:00"}
{"ev": "f2_dual", "c3": 6705, "c4": 4920, "cases": "...x...", "fails": {"4": "Wrong Answer"}, "newbank": false, "utc": "2026-07-13T04:12:45.713529+00:00"}
{"ev": "f2_done", "banks": 0, "utc": "2026-07-13T04:17:45.727151+00:00"}
{"ev": "m_roll", "c3": 6705, "draw": 42, "cases": "...x...", "newbank": false, "utc": "2026-07-13T04:21:36.357923+00:00"}
{"ev": "m_roll", "c3": 6705, "draw": 42, "cases": "...x...", "newbank": false, "utc": "2026-07-13T04:28:48.905877+00:00"}
{"ev": "m_roll", "c3": 6705, "draw": 42, "cases": "...x...", "newbank": false, "utc": "2026-07-13T04:36:02.663299+00:00"}
{"ev": "m_roll", "c3": 6705, "draw": 42, "cases": "...x...", "newbank": false, "utc": "2026-07-13T04:43:16.420658+00:00"}
{"ev": "m_roll", "c3": 6705, "draw": 42, "cases": "...x...", "newbank": false, "utc": "2026-07-13T04:50:32.582449+00:00"}
{"ev": "m_roll", "c3": 6705, "draw": 42, "cases": "...x...", "newbank": false, "utc": "2026-07-13T04:57:44.717435+00:00"}
{"ev": "m_newdraw", "draw": 43, "utc": "2026-07-13T04:57:58.435182+00:00"}
{"ev": "m_roll", "c3": 6705, "draw": 43, "cases": "...x...", "newbank": false, "utc": "2026-07-13T05:05:13.225782+00:00"}
{"ev": "m_roll", "c3": 6705, "draw": 43, "cases": "...x...", "newbank": false, "utc": "2026-07-13T05:12:26.306212+00:00"}
{"ev": "m_roll", "c3": 6705, "draw": 43, "cases": "...x...", "newbank": false, "utc": "2026-07-13T05:19:49.184345+00:00"}
{"ev": "m_roll", "c3": 6705, "draw": 43, "cases": "...x...", "newbank": false, "utc": "2026-07-13T05:27:10.912547+00:00"}
{"ev": "m_roll", "c3": 6705, "draw": 43, "cases": "..xx...", "newbank": false, "utc": "2026-07-13T05:34:29.949576+00:00"}
{"ev": "m_roll", "c3": 6705, "draw": 43, "cases": "...x...", "newbank": false, "utc": "2026-07-13T05:41:44.274088+00:00"}
{"ev": "m_newdraw", "draw": 44, "utc": "2026-07-13T05:41:57.713291+00:00"}
{"ev": "m_roll", "c3": 6705, "draw": 44, "cases": "...x...", "newbank": false, "utc": "2026-07-13T05:49:10.760700+00:00"}
{"ev": "m_roll", "c3": 6705, "draw": 44, "cases": "...x...", "newbank": false, "utc": "2026-07-13T05:56:25.622119+00:00"}
{"ev": "m_roll", "c3": 6705, "draw": 44, "cases": "...x...", "newbank": false, "utc": "2026-07-13T06:03:39.621710+00:00"}
{"ev": "m_roll", "c3": 6705, "draw": 44, "cases": "...x...", "newbank": false, "utc": "2026-07-13T06:10:55.589966+00:00"}
{"ev": "m_roll", "c3": 6705, "draw": 44, "cases": "..xx...", "newbank": false, "utc": "2026-07-13T06:18:11.460737+00:00"}
{"ev": "m_roll", "c3": 6705, "draw": 44, "cases": "...x...", "newbank": false, "utc": "2026-07-13T06:25:26.827066+00:00"}
{"ev": "m_newdraw", "draw": 45, "utc": "2026-07-13T06:25:40.369545+00:00"}
{"ev": "m_roll", "c3": 6705, "draw": 45, "cases": "...x...", "newbank": false, "utc": "2026-07-13T06:32:55.823825+00:00"}
{"ev": "m_roll", "c3": 6705, "draw": 45, "cases": "...x...", "newbank": false, "utc": "2026-07-13T06:40:12.426192+00:00"}
{"ev": "m_done", "banks": 0, "utc": "2026-07-13T06:45:12.437338+00:00"}
{"ev": "m_roll", "c3": 6705, "draw": 46, "cases": "...x...", "newbank": false, "utc": "2026-07-13T06:49:00.725899+00:00"}
{"ev": "m_roll", "c3": 6705, "draw": 46, "cases": "...x...", "newbank": false, "utc": "2026-07-13T06:56:16.391700+00:00"}
{"ev": "m_roll", "c3": 6705, "draw": 46, "cases": "...x...", "newbank": false, "utc": "2026-07-13T07:03:30.202793+00:00"}
{"ev": "m_roll", "c3": 6705, "draw": 46, "cases": "...x...", "newbank": false, "utc": "2026-07-13T07:10:45.831904+00:00"}
{"ev": "m_roll", "c3": 6705, "draw": 46, "cases": "...x...", "newbank": false, "utc": "2026-07-13T07:17:59.345348+00:00"}
{"ev": "m_roll", "c3": 6705, "draw": 46, "cases": "...x...", "newbank": false, "utc": "2026-07-13T07:25:15.257527+00:00"}
{"ev": "m_newdraw", "draw": 47, "utc": "2026-07-13T07:25:28.661467+00:00"}
{"ev": "m_roll", "c3": 6705, "draw": 47, "cases": "...x...", "newbank": false, "utc": "2026-07-13T07:32:41.745137+00:00"}
{"ev": "m_roll", "c3": 6705, "draw": 47, "cases": "..xx...", "newbank": false, "utc": "2026-07-13T07:39:58.845767+00:00"}
{"ev": "m_roll", "c3": 6705, "draw": 47, "cases": "..xx...", "newbank": false, "utc": "2026-07-13T07:47:12.430833+00:00"}
{"ev": "m_roll", "c3": 6705, "draw": 47, "cases": "..xx...", "newbank": false, "utc": "2026-07-13T07:54:27.940718+00:00"}
{"ev": "m_roll", "c3": 6705, "draw": 47, "cases": "...x...", "newbank": false, "utc": "2026-07-13T08:01:40.555793+00:00"}
{"ev": "m_roll", "c3": 6705, "draw": 47, "cases": "..xx...", "newbank": false, "utc": "2026-07-13T08:08:57.159108+00:00"}
{"ev": "m_newdraw", "draw": 48, "utc": "2026-07-13T08:09:18.102525+00:00"}
{"ev": "m_roll", "c3": 6705, "draw": 48, "cases": "...x...", "newbank": false, "utc": "2026-07-13T08:16:31.802751+00:00"}
{"ev": "m_roll", "c3": 6705, "draw": 48, "cases": "...x...", "newbank": false, "utc": "2026-07-13T08:23:52.806815+00:00"}
{"ev": "m_roll", "c3": 6705, "draw": 48, "cases": "...x...", "newbank": false, "utc": "2026-07-13T08:31:06.594534+00:00"}
{"ev": "m_roll", "c3": 6705, "draw": 48, "cases": "...x...", "newbank": false, "utc": "2026-07-13T08:38:20.925435+00:00"}
{"ev": "m_roll", "c3": 6705, "draw": 48, "cases": "...x...", "newbank": false, "utc": "2026-07-13T08:45:34.543880+00:00"}
{"ev": "m_roll", "c3": 6705, "draw": 48, "cases": "...x...", "newbank": false, "utc": "2026-07-13T08:52:46.973253+00:00"}
{"ev": "m_newdraw", "draw": 49, "utc": "2026-07-13T08:52:59.749392+00:00"}
{"ev": "m_roll", "c3": 6705, "draw": 49, "cases": "...x...", "newbank": false, "utc": "2026-07-13T09:00:13.989177+00:00"}
{"ev": "m_roll", "c3": 6705, "draw": 49, "cases": "...x...", "newbank": false, "utc": "2026-07-13T09:07:29.301238+00:00"}
{"ev": "m_roll", "c3": 6705, "draw": 49, "cases": ".......", "newbank": true, "utc": "2026-07-13T09:14:51.677029+00:00"}
{"ev": "m_roll", "c3": 6700, "draw": 49, "cases": "..x....", "newbank": false, "utc": "2026-07-13T09:22:31.176270+00:00"}
{"ev": "s2l", "c3": 6700, "cases": "...xx..", "newbank": false, "utc": "2026-07-13T09:51:27.222200+00:00"}
{"ev": "s2l", "c3": 6700, "cases": "...xx..", "newbank": false, "utc": "2026-07-13T09:55:00.098890+00:00"}
