/Users/eh/Documents/perceptual-mesh-simplify-master/scripts/overnight_ladder.py:24: DeprecationWarning: datetime.datetime.utcnow() is deprecated and scheduled for removal in a future version. Use timezone-aware objects to represent datetimes in UTC: datetime.datetime.now(datetime.UTC).
  rec["utc"] = datetime.datetime.utcnow().isoformat()
{"ev": "sub", "n": 6720, "score": 76.137333, "cases": "...x...", "times": {"1": 0.0, "2": 5.7, "3": 21.6, "4": 19.7, "5": 19.8, "6": 18.1, "7": 19.7}, "newbank": false, "utc": "2026-07-12T17:53:45.306733"}
{"ev": "sub", "n": 6720, "score": 76.137333, "cases": "...x...", "times": {"1": 1.9, "2": 6.0, "3": 21.9, "4": 19.9, "5": 18.2, "6": 18.2, "7": 21.9}, "newbank": false, "utc": "2026-07-12T18:00:41.061073"}
{"ev": "sub", "n": 6720, "score": 76.137333, "cases": "...x...", "times": {"1": 1.9, "2": 5.6, "3": 21.0, "4": 19.3, "5": 19.9, "6": 19.1, "7": 23.2}, "newbank": false, "utc": "2026-07-12T18:07:40.168320"}
{"ev": "sub", "n": 6720, "score": 76.137333, "cases": "...x...", "times": {"1": 1.9, "2": 5.9, "3": 21.3, "4": 19.7, "5": 20.0, "6": 18.7, "7": 21.4}, "newbank": false, "utc": "2026-07-12T18:14:38.434853"}
{"ev": "sub", "n": 6720, "score": 76.137333, "cases": "...x...", "times": {"1": 1.9, "2": 5.7, "3": 21.4, "4": 19.4, "5": 17.8, "6": 18.5, "7": 21.6}, "newbank": false, "utc": "2026-07-12T18:21:33.366418"}
{"ev": "sub", "n": 6720, "score": 76.137333, "cases": "...x...", "times": {"1": 0.0, "2": 6.0, "3": 21.4, "4": 21.7, "5": 18.3, "6": 19.7, "7": 21.7}, "newbank": false, "utc": "2026-07-12T18:28:32.101685"}
{"ev": "sub", "n": 6720, "score": 76.137333, "cases": "...x...", "times": {"1": 2.0, "2": 5.9, "3": 21.2, "4": 19.6, "5": 18.1, "6": 19.6, "7": 20.8}, "newbank": false, "utc": "2026-07-12T18:35:28.178183"}
{"ev": "sub", "n": 6720, "score": 76.137333, "cases": "...x...", "times": {"1": 1.9, "2": 3.9, "3": 21.4, "4": 19.7, "5": 19.6, "6": 17.7, "7": 21.9}, "newbank": false, "utc": "2026-07-12T18:42:22.834616"}
{"ev": "sub", "n": 6720, "score": 76.137333, "cases": "...x...", "times": {"1": 0.0, "2": 5.8, "3": 21.6, "4": 19.7, "7": 22.8}, "newbank": false, "utc": "2026-07-12T18:49:20.132514"}
{"ev": "toxic_or_err", "sleep": 600, "utc": "2026-07-12T18:49:20.132929"}
{"ev": "sub", "n": 6720, "score": 76.137333, "cases": "...x...", "times": {"1": 1.8, "2": 5.6, "3": 21.2, "4": 19.6, "5": 17.5, "6": 19.4, "7": 21.3}, "newbank": false, "utc": "2026-07-12T19:01:44.889689"}
{"ev": "sub", "n": 6720, "score": 76.137333, "cases": "...x...", "times": {"1": 0.0, "2": 5.8, "3": 21.2, "4": 21.3, "5": 17.8, "6": 19.2, "7": 21.3}, "newbank": false, "utc": "2026-07-12T19:08:40.551474"}
{"ev": "sub", "n": 6720, "score": 90.480527, "cases": ".......", "times": {"1": 2.0, "2": 5.6, "3": 22.4, "4": 19.2, "5": 20.1, "6": 17.9, "7": 21.6}, "newbank": true, "utc": "2026-07-12T19:15:40.231639"}
{"ev": "sub", "n": 6700, "score": 64.298044, "cases": "..xx...", "times": {"1": 2.0, "2": 5.7, "3": 21.2, "4": 19.5, "5": 17.6, "6": 19.1, "7": 21.6}, "newbank": false, "utc": "2026-07-12T19:22:39.221473"}
{"ev": "sub", "n": 6700, "score": 76.1517, "cases": "...x...", "times": {"1": 0.0, "2": 7.7, "3": 21.9, "4": 19.4, "5": 17.7, "6": 19.3, "7": 21.0}, "newbank": false, "utc": "2026-07-12T19:29:37.542819"}
{"ev": "sub", "n": 6700, "score": 64.298044, "cases": "..xx...", "times": {"1": 1.9, "2": 5.7, "3": 21.0, "4": 21.3, "5": 19.5, "6": 17.1, "7": 23.4}, "newbank": false, "utc": "2026-07-12T19:36:37.199308"}
{"ev": "sub", "n": 6700, "score": 64.298044, "cases": "..xx...", "times": {"1": 0.0, "2": 5.9, "3": 21.7, "4": 19.7, "5": 19.5, "6": 19.3, "7": 21.4}, "newbank": false, "utc": "2026-07-12T19:43:35.129621"}
{"ev": "sub", "n": 6700, "score": 64.298044, "cases": "..xx...", "times": {"1": 0.0, "2": 6.2, "3": 22.1, "4": 19.6, "5": 19.8, "6": 17.7, "7": 23.8}, "newbank": false, "utc": "2026-07-12T19:50:34.057914"}
{"ev": "sub", "n": 6700, "score": 64.298044, "cases": "..xx...", "times": {"1": 1.9, "2": 5.7, "3": 20.6, "4": 19.4, "5": 19.3, "6": 17.8, "7": 21.8}, "newbank": false, "utc": "2026-07-12T19:59:59.036113"}
{"ev": "sub", "n": 6700, "score": 64.298044, "cases": "..xx...", "times": {"1": 0.0, "2": 5.6, "3": 23.5, "4": 19.4, "5": 19.0, "6": 18.4, "7": 19.3}, "newbank": false, "utc": "2026-07-12T20:06:56.230093"}
{"ev": "toxic_or_err", "sleep": 600, "utc": "2026-07-12T20:06:56.231081"}
{"ev": "sub", "n": 6700, "score": 64.298044, "cases": "..xx...", "times": {"1": 1.9, "2": 5.8, "3": 21.2, "4": 19.3, "5": 21.9, "6": 19.3, "7": 25.4}, "newbank": false, "utc": "2026-07-12T20:19:31.097823"}
{"ev": "sub", "n": 6700, "score": 64.298044, "cases": "..xx...", "times": {"1": 1.9, "2": 5.8, "3": 21.3, "4": 19.0, "5": 19.5, "6": 19.2, "7": 23.5}, "newbank": false, "utc": "2026-07-12T20:26:30.335884"}
{"ev": "sub", "n": 6700, "score": 64.298044, "cases": "..xx...", "times": {"1": 1.9, "2": 3.9, "3": 21.2, "4": 21.4, "5": 17.1, "6": 19.4, "7": 21.3}, "newbank": false, "utc": "2026-07-12T20:35:56.519628"}
{"ev": "sub", "n": 6700, "score": 64.298044, "cases": "..xx...", "times": {"1": 0.0, "2": 5.7, "3": 21.3, "4": 19.4, "5": 19.9, "6": 19.0, "7": 20.0}, "newbank": false, "utc": "2026-07-12T20:42:52.938535"}
{"ev": "sub", "n": 6700, "score": 64.298044, "cases": "..xx...", "times": {"1": 1.9, "2": 5.8, "3": 21.9, "4": 20.5, "5": 18.0, "6": 18.6, "7": 21.1}, "newbank": false, "utc": "2026-07-12T20:49:49.135314"}
{"ev": "sub", "n": 6700, "score": 64.298044, "cases": "..xx...", "times": {"1": 0.0, "2": 5.8, "3": 21.6, "4": 19.8, "5": 17.6, "6": 19.9, "7": 20.1}, "newbank": false, "utc": "2026-07-12T20:59:14.387195"}
{"ev": "sub", "n": 6700, "score": 64.298044, "cases": "..xx...", "times": {"1": 2.0, "2": 3.9, "3": 21.4, "4": 19.7, "5": 19.5, "6": 18.2, "7": 22.0}, "newbank": false, "utc": "2026-07-12T21:06:11.022270"}
{"ev": "sub", "n": 6700, "score": 76.1517, "cases": "...x...", "times": {"1": 2.0, "2": 6.1, "3": 22.7, "4": 19.9, "5": 21.5, "6": 20.1, "7": 22.6}, "newbank": false, "utc": "2026-07-12T21:13:17.521887"}
{"ev": "toxic_or_err", "sleep": 600, "utc": "2026-07-12T21:13:17.522331"}
{"ev": "sub", "n": 6700, "score": 64.298044, "cases": "..xx...", "times": {"1": 0.0, "2": 5.8, "3": 21.1, "4": 20.0, "5": 19.5, "6": 19.0, "7": 19.3}, "newbank": false, "utc": "2026-07-12T21:25:43.034708"}
{"ev": "sub", "n": 6700, "score": 64.298044, "cases": "..xx...", "times": {"1": 2.0, "2": 5.8, "3": 21.7, "4": 19.8, "5": 18.0, "6": 18.1, "7": 21.8}, "newbank": false, "utc": "2026-07-12T21:35:06.285805"}
{"ev": "sub", "n": 6700, "score": 64.298044, "cases": "..xx...", "times": {"1": 2.1, "2": 6.0, "3": 21.7, "4": 19.3, "5": 17.4, "6": 19.4, "7": 20.4}, "newbank": false, "utc": "2026-07-12T21:42:03.002050"}
{"ev": "sub", "n": 6700, "score": 64.298044, "cases": "..xx...", "times": {"1": 1.9, "2": 5.8, "3": 21.9, "4": 20.3, "5": 18.1, "6": 17.8, "7": 21.6}, "newbank": false, "utc": "2026-07-12T21:49:00.300203"}
{"ev": "sub", "n": 6700, "score": 64.298044, "cases": "..xx...", "times": {"1": 1.9, "2": 5.8, "3": 19.5, "4": 19.7, "5": 19.8, "6": 17.7, "7": 21.4}, "newbank": false, "utc": "2026-07-12T21:58:23.200180"}
{"ev": "sub", "n": 6700, "score": 64.298044, "cases": "..xx...", "times": {"1": 0.0, "2": 5.6, "3": 22.6, "4": 19.2, "5": 17.5, "6": 19.3, "7": 21.3}, "newbank": false, "utc": "2026-07-12T22:05:18.852788"}
{"ev": "toxic_or_err", "sleep": 600, "utc": "2026-07-12T22:05:18.853549"}
{"ev": "sub", "n": 6700, "score": 64.298044, "cases": "..xx...", "times": {"1": 1.9, "2": 3.9, "3": 21.6, "4": 19.8, "5": 19.7, "6": 18.1, "7": 21.4}, "newbank": false, "utc": "2026-07-12T22:17:45.925753"}
{"ev": "sub", "n": 6700, "score": 64.298044, "cases": "..xx...", "times": {"1": 1.9, "2": 6.1, "3": 19.3, "4": 21.4, "5": 17.6, "6": 19.2, "7": 19.6}, "newbank": false, "utc": "2026-07-12T22:24:42.161390"}
{"ev": "sub", "n": 6700, "score": 64.298044, "cases": "..xx...", "times": {"1": 2.0, "2": 6.0, "3": 21.5, "4": 19.3, "5": 19.7, "6": 17.5, "7": 21.2}, "newbank": false, "utc": "2026-07-12T22:34:09.600673"}
{"ev": "sub", "n": 6700, "score": 78.641238, "cases": "..x....", "times": {"1": 0.0, "2": 6.0, "3": 21.7, "4": 95.2, "5": 19.5, "6": 19.3, "7": 23.3}, "newbank": false, "utc": "2026-07-12T22:42:24.579510"}
{"ev": "sub", "n": 6700, "score": 48.107205, "cases": "..xx..x", "times": {"1": 2.0, "2": 6.0, "3": 21.7, "4": 21.9, "5": 31.9, "6": 7.7, "7": 21.9}, "newbank": false, "utc": "2026-07-12T22:49:27.025383"}
